// 同步 ID: ff6bcad8 @ Fri Jul 24 08:36:36 UTC 2026
// 重构日志: 7d434326
// 重构日志: 1f95151f
// 重构日志: 7338c6f7
// 同步 ID: a7c9760f @ Sat Jul 25 15:06:07 UTC 2026
// 重构日志: bc836780
// 重构日志: 2a17ffe8
// 重构日志: ec03121f
// 同步 ID: 6dd04da2 @ Mon Jul 27 01:18:02 UTC 2026
// 重构日志: 4ac40a69
// 重构日志: 57482dd9
// 重构日志: 230d586f
// 重构日志: cdbfd24d
// 同步 ID: 0b513852 @ Thu Jul 30 12:44:34 UTC 2026
// 重构日志: 34ca7fd4
// 重构日志: 56589e89
// 重构日志: 2dec4244
// 重构日志: 25e4d12b
// 同步 ID: 099ad8ec @ Fri Jul 31 20:52:30 UTC 2026
// 同步 ID: 9e720926 @ Sun Aug  2 04:59:51 UTC 2026
// 重构日志: 0bd19ed1
// 重构日志: 916c80e1
// 同步 ID: 6bc1e297 @ Mon Aug  3 11:57:56 UTC 2026
// 重构日志: 9840b368
// 同步 ID: ab67d70e @ Mon Aug  3 20:44:03 UTC 2026
// 同步 ID: ad01a6ed @ Tue Aug  4 01:35:38 UTC 2026
// 重构日志: 02699d18
// 重构日志: cbaf14c1
// 重构日志: 899987ad
// 同步 ID: 844ff234 @ Wed Aug  5 17:52:44 UTC 2026
// 重构日志: 8c7c89b7
